---
source: tui/src/durable_session_query_tests.rs
expression: rendered
---
Durable Session — read only
client view: fresh
session: observed
identity: root=root-observed | source=SessionMeta
storage: active | source=ThreadStore
domain lifecycle: unknown (no canonical lifecycle fact) | source=unavailable
runtime residency: owner observed in this app-server | source=this app-server observation
durable read: available
operations: resume=unknown(unsupported)[source=unavailable] | close=unknown(lifecycle-unknown)[source=unavailable] | archive=unknown(unsupported)[source=unavailable] | unarchive=unavailable(not-archived)[source=ThreadStore] | delete=unknown(unsupported)[source=unavailable]
Team: instance=team-observed | commit generation=9 | commit fingerprint=sha256:aaaaaaaaaaaaaaaaaaaaaaaaaaaaaaaaaaaaaaaaaaaaaaaaaaaaaaaaaaaaaaaa | domain revision=17 | viewer=root-observed (Root) | source=committed Team snapshot
Team bounds: omitted participants=2 | omitted events=4
  participant=member-observed | role=member | label=reviewer
  event=event-a | omitted versions=3
    version=version-a | author=root-observed (root) | summary=accepted result | producer=closed | root=resolved | retired=false

Durable Session — read only
client view: fresh
session: archived
identity: root=root-archived | source=SessionMeta
storage: archived | source=ThreadStore
domain lifecycle: unknown (no canonical lifecycle fact) | source=unavailable
runtime residency: owner not observed in this app-server | source=this app-server observation
durable read: incomplete(Team-snapshot-corrupt)
operations: resume=unknown(read-incomplete)[source=unavailable] | close=unknown(read-incomplete)[source=unavailable] | archive=unknown(read-incomplete)[source=unavailable] | unarchive=unknown(read-incomplete)[source=unavailable] | delete=unknown(read-incomplete)[source=unavailable]
Team: unavailable | source=unavailable

Durable Session — read only
client view: fresh
session: identity-mismatch
identity: root=unavailable | source=unavailable
storage: unknown | source=unavailable
domain lifecycle: unknown (no canonical lifecycle fact) | source=unavailable
runtime residency: unknown | source=unavailable
durable read: unavailable(session-root-identity-mismatch)
operations: resume=unknown(identity-unavailable)[source=unavailable] | close=unknown(identity-unavailable)[source=unavailable] | archive=unknown(identity-unavailable)[source=unavailable] | unarchive=unknown(identity-unavailable)[source=unavailable] | delete=unknown(identity-unavailable)[source=unavailable]
Team: unavailable | source=unavailable
