---
source: tui/src/app/tests.rs
expression: "render_bottom_popup(&app.chat_widget, 80)"
---
  Confirm Durable Session permanently delete?
  Proof rechecked at confirm. Sent once; unknown results are never retried.

› 1. Confirm permanently delete  Submit this mutation once
  2. Cancel                      Do not submit the mutation

  Press enter to confirm or esc to go back
